==23231== Memcheck, a memory error detector
==23231== Copyright (C) 2002-2013, and GNU GPL'd, by Julian Seward et al.
==23231== Using Valgrind-3.9.0 and LibVEX; rerun with -h for copyright info
==23231== Command: ./cbox
==23231== Parent PID: 23230
==23231== 
==23231== 
==23231== HEAP SUMMARY:
==23231==     in use at exit: 0 bytes in 0 blocks
==23231==   total heap usage: 1 allocs, 1 frees, 4 bytes allocated
==23231== 
==23231== All heap blocks were freed -- no leaks are possible
==23231== 
==23231== For counts of detected and suppressed errors, rerun with: -v
==23231== ERROR SUMMARY: 0 errors from 0 contexts (suppressed: 6 from 6)
